2026-10-08 Q1-P4 checkpoint; TEST_ONLY, no training or hardware control.
Mac archive: /Users/yu/Human+/data/train_released.zip
Server archive: /media/yu/FAFF-E9771/data/fgp/CLOTHO_train_data/train_released.zip
Size 1896104195; matching SHA256 8015e969dc2ef9629e3a4e02d16d2846449d7db2ebd2eb94ca063c814358f952.
Archive: 206 sequences, 1639 entries, 3145544185 uncompressed bytes.
No new large transfer; no archive extraction on Mac.
Server workdir /media/yu/FAFF-E977/YuanQi_Q1; branch Q1; HEAD b0c1fabe5cc915531bb6862dd92ec62d12e1cc49.
Unrelated staged PredActor report/manifest preserved.
FGP imports smoke output: FGP_IMPORTS_OK.
Latest inference/input adapter upload returned SCP exit 0; source hashes in input manifest.
Stage report/index/current-state checkpoint upload returned SCP exit 0.
First interrupted inference request did not run: no E001 log, directory or process at recovery.
Walking inference subsequently launched with nohup; SSH exit 0, walk_pid=2944.
E001 log: logs/q1_cloth_fgp_20261008_E001.log.
Server input test command sent; result could not be retrieved.
Mac py_compile inference and input adapter: exit 0.
After launch, SSH multiplex connections broke; direct SSH retries timed out.
Tailscale status: Online=false, LastSeen=2026-10-08T11:40:00.1Z.
Tailscale ping subsequently timed out.
Conversion result, batch equivalence and output metrics remain UNVERIFIED.
Single-leg-stand inference and Q1 validations NOT_STARTED.
HTTPS ls-remote Q1: b0c1fabe5cc915531bb6862dd92ec62d12e1cc49.
Mac GitHub SSH: Permission denied (publickey); no credentials read or copied.
Important records preserved locally; stage push not completed.
Restore SSH, inspect process/log/summary before rerunning; preserve failed directories.
19:56 user reported recovery; SSH connected, uptime 3 min, GPU use 38 MiB.
No prior E001 log, output directory, input-test log or inference process found.
Both uploaded source SHA256 values verified against manifest; Q1 HEAD unchanged.
Updated stage README upload: SCP exit 0.
Python Popen(start_new_session=True) created log and process; SSH exit 0, pid=2838.
Immediate log/progress retrieval and repeated input-test result retrieval interrupted.
Shared-report SCP interrupted; no complete fresh snapshot obtained.
Tailscale went offline again: LastSeen=2026-10-08T12:00:00.1Z.
IPv4/verified same-host IPv6 SSH retries timed out; system cause remains unknown.
New local batch runner run_clotho_tests.py syntax PASS, not uploaded or executed.
Inference, Q1 replay, balance and training acceptance remain unverified/not started.
2026-10-08 20:38 CST recovery checkpoint:
Host up since 20:26; no clothing inference/driver/Q1 validator process at recovery.
R001 input tests: 6/6 PASS; walking FGP E003 exit 0, 1825 -> 1766 frames, CPU 78.7235 s.
Walking body SHA256: 8142ea18889cba34cf2d582d88adbbf91d91a0cae79dfb83b786666db90e3d8c.
Label root-relative joint position P95 0.377489 m; relative root trajectory RMSE 0.657945 m.
Q1 E003 interrupted: kinematic_trace.npz 0 bytes, no replay/summary; retain incomplete directory.
R001 original RUNNING state is stale after reboot. Next: reuse walking E003 for Q1 E005, then single-leg E004/Q1 E006.
User slow-transfer preference: stop slow large transfer; list exact source/target/size for user third-party transfer.
No new large transfer needed. TEST_ONLY, no training or hardware control; backup LOCAL_ONLY.
2026-10-08 21:12 CST final offline-test evidence:
Walking FGP E003 / Q1 E005 completed; single-leg FGP E004 / Q1 E006 numeric recovery completed.
Recovering E005 reproduced 9 original metrics exactly (maximum absolute difference 0).
E006: 2944 frames, full supported replay 58.86 s, limits 0 violations, IK position P95 0.0953509315 m.
E006: max joint RMSE 0.0304815467 rad, max absolute joint error 0.2275152069 rad.
E006 complete numerical trace/target/timeline checks PASS. Full torque-saturation counter was not persisted; report null.
Diagnostic D001 completed via D002 command log after preserving first missing-script failure.
E006 saved-kinematics rendering R002 completed at 21:05; image 343853 bytes, SHA256 1d2bddc32c0cc0bce40305174331f60e800a26952ceb664239d2980c35e673ca.
Server boots: 20:57:59 then 21:06:17, after user changed power from strip to wall socket. Cause/manual initiation unconfirmed.
Journal filter did not identify OOM, NVIDIA Xid, panic or clean shutdown; this is not proof excluding hardware/power faults.
All 5 successful summaries enforce TEST_ONLY; added server code py_compile PASS.
No current inference/simulation process. No new training, hardware control, dependency install, Baidu upload or large transfer.
