[HumanoidRetarget] body_segment_module=retarget_body_segment_surface schema=smplx_55_to_19_upper_arm_v1 segments=19
[HumanoidRetarget] source=/media/yu/FAFF-E9771/data/project_snapshots/HUMAN_PLUS_A3/2026-08-09/datasets/amass_sources format=smplx_npz seq=G3_-_front_kick_stageii frames=32 fps=30.000
[SMPLXModel] loading format=pkl path=/media/yu/FAFF-E9771/data/humanplus-phuma/assets/body_models/smplx/SMPLX_NEUTRAL.pkl
[SurfaceRetarget][SMPLX] device=cuda:0 batch_size=32 frames=32
[SMPLXModel] loading format=pkl path=/media/yu/FAFF-E9771/data/humanplus-phuma/assets/body_models/smplx/SMPLX_NEUTRAL.pkl
[SurfaceRetarget][SMPLXCache] build gender=neutral batch_size=32 device=cuda:0
[HumanoidRetarget] inferred robot_height=0.89502 from slots sample=q1_pilot field=target_points mode=y_extent
[HumanoidRetarget] source slots=smplx_neutral_betas_219144f0c2 center_mode=spine1 template_center=[-0.0001399980392307043, -0.29292452335357666, -0.019224606454372406]
[HumanoidRetarget] bound SMPL slots: slots=256, error_mean=0.00316, p95=0.00741
Traceback (most recent call last):
  File "/media/yu/FAFF-E9771/YuanQi_Q1/data/third_party/umr_q1_20261009/scripts/retarget_smpl_to_humanoid_surface_vector.py", line 2880, in <module>
    main()
  File "/media/yu/FAFF-E9771/YuanQi_Q1/data/third_party/umr_q1_20261009/scripts/retarget_smpl_to_humanoid_surface_vector.py", line 2294, in main
    source_slots, source_slot_normals, source_slot_part_ids, source_tpose_slot_normals, source_binding = bind_source_slots_with_normals(
                                                                                                         ^^^^^^^^^^^^^^^^^^^^^^^^^^^^^^^
  File "/media/yu/FAFF-E9771/YuanQi_Q1/data/third_party/umr_q1_20261009/scripts/retarget_body_segment_surface.py", line 1293, in bind_source_slots_with_normals
    slot_part_ids = smplx_slot_part_ids_from_binding(
                    ^^^^^^^^^^^^^^^^^^^^^^^^^^^^^^^^^
  File "/media/yu/FAFF-E9771/YuanQi_Q1/data/third_party/umr_q1_20261009/scripts/retarget_body_segment_surface.py", line 770, in smplx_slot_part_ids_from_binding
    smplx17_face_part_ids, part_names, segmentation_path, config_path = load_smplx17_face_parts()
                                                                        ^^^^^^^^^^^^^^^^^^^^^^^^^
  File "/media/yu/FAFF-E9771/YuanQi_Q1/data/third_party/umr_q1_20261009/scripts/retarget_body_segment_surface.py", line 371, in load_smplx17_face_parts
    segmentation_path = resolve_smplx_55_segmentation_path(source_segmentation)
                        ^^^^^^^^^^^^^^^^^^^^^^^^^^^^^^^^^^^^^^^^^^^^^^^^^^^^^^^
  File "/media/yu/FAFF-E9771/YuanQi_Q1/data/third_party/umr_q1_20261009/scripts/retarget_body_segment_surface.py", line 365, in resolve_smplx_55_segmentation_path
    raise FileNotFoundError(f"Could not find SMPL-X 55-class face segmentation pkl. Tried: {preview}")
FileNotFoundError: Could not find SMPL-X 55-class face segmentation pkl. Tried: /media/yu/FAFF-E9771/YuanQi_Q1/data/third_party/umr_q1_20261009/smplx_parts_segm.pkl, /media/yu/FAFF-E9771/YuanQi_Q1/data/third_party/umr_q1_20261009/assets/smplx_parts_segm.pkl, /media/yu/FAFF-E9771/YuanQi_Q1/data/third_party/visualizations/smplx_parts_segm.pkl
[HumanoidPipeline] retarget motion seq_key='G3_-_front_kick_stageii' seq_index=0 frames=0:-1:4 max_frames=32 stream_chunk_frames=0
[HumanoidPipeline] /home/yu/miniconda3/envs/x2-sonic-isaaclab/bin/python /media/yu/FAFF-E9771/YuanQi_Q1/data/third_party/umr_q1_20261009/scripts/retarget_smpl_to_humanoid_surface_vector.py --config /media/yu/FAFF-E9771/YuanQi_Q1/data/experiments/q1_umr_20261009_E008/q1_pilot_config.json --data /media/yu/FAFF-E9771/data/project_snapshots/HUMAN_PLUS_A3/2026-08-09/datasets/amass_sources --seq-index 0 --start 0 --end -1 --stride 4 --max-frames 32 --seq-key G3_-_front_kick_stageii --ground-contact-anchor-cost 5.0 --ground-penetration-hard-constraint --ground-penetration-hard-constraint-mode surface_slots_all --ground-penetration-margin 0.0 --ground-penetration-hard-slack-cost 1000.0 --ground-penetration-threshold 0.05 --ground-penetration-max-points 128 --robot-self-penetration-margin -0.001 --robot-self-penetration-hard-slack --robot-self-penetration-hard-slack-cost 1000.0 --step-limit-mode l2 --max-dq 0.15 --global-step-size 0.4 --root-step-limit-mode off --root-max-translation-dq 0.3 --root-max-rotation-dq 0.5 --root-global-translation-step-size 0.3 --root-global-rotation-step-size 0.5 --trajectory-filter-mode lqr --trajectory-filter-data-cost 1.0 --trajectory-filter-velocity-cost 0.0 --trajectory-filter-acceleration-cost 0.1 --trajectory-filter-jerk-cost 0.01 --trajectory-filter-root-translation --trajectory-filter-anchor-start-frames 1 --trajectory-filter-anchor-end-frames 1 --trajectory-warm-start-mode sequential --trajectory-warm-start-bidirectional-continuity-cost 0.1 --trajectory-warm-start-bidirectional-switch-cost 0.01 --slots /media/yu/FAFF-E9771/YuanQi_Q1/data/experiments/q1_umr_20261009_E008/correspondence_training/correspondence_slots_final.npz --out /media/yu/FAFF-E9771/YuanQi_Q1/data/experiments/q1_umr_20261009_E008/q1_retarget.npz --slots-field reconstructed_slots
Traceback (most recent call last):
  File "/media/yu/FAFF-E9771/YuanQi_Q1/data/third_party/umr_q1_20261009/scripts/humanoid_retarget_pipeline.py", line 1072, in <module>
    main()
  File "/media/yu/FAFF-E9771/YuanQi_Q1/data/third_party/umr_q1_20261009/scripts/humanoid_retarget_pipeline.py", line 1063, in main
    run_pipeline(config, args)
  File "/media/yu/FAFF-E9771/YuanQi_Q1/data/third_party/umr_q1_20261009/scripts/humanoid_retarget_pipeline.py", line 1052, in run_pipeline
    result_path = retarget_motion(config, slots_path, force=args.force_retarget, dry_run=args.dry_run)
                  ^^^^^^^^^^^^^^^^^^^^^^^^^^^^^^^^^^^^^^^^^^^^^^^^^^^^^^^^^^^^^^^^^^^^^^^^^^^^^^^^^^^^
  File "/media/yu/FAFF-E9771/YuanQi_Q1/data/third_party/umr_q1_20261009/scripts/humanoid_retarget_pipeline.py", line 1008, in retarget_motion
    run_command(cmd, dry_run=dry_run)
  File "/media/yu/FAFF-E9771/YuanQi_Q1/data/third_party/umr_q1_20261009/scripts/humanoid_retarget_pipeline.py", line 316, in run_command
    subprocess.run(cmd, cwd=ROOT, check=True)
  File "/home/yu/miniconda3/envs/x2-sonic-isaaclab/lib/python3.11/subprocess.py", line 571, in run
    raise CalledProcessError(retcode, process.args,
subprocess.CalledProcessError: Command '['/home/yu/miniconda3/envs/x2-sonic-isaaclab/bin/python', '/media/yu/FAFF-E9771/YuanQi_Q1/data/third_party/umr_q1_20261009/scripts/retarget_smpl_to_humanoid_surface_vector.py', '--config', '/media/yu/FAFF-E9771/YuanQi_Q1/data/experiments/q1_umr_20261009_E008/q1_pilot_config.json', '--data', '/media/yu/FAFF-E9771/data/project_snapshots/HUMAN_PLUS_A3/2026-08-09/datasets/amass_sources', '--seq-index', '0', '--start', '0', '--end', '-1', '--stride', '4', '--max-frames', '32', '--seq-key', 'G3_-_front_kick_stageii', '--ground-contact-anchor-cost', '5.0', '--ground-penetration-hard-constraint', '--ground-penetration-hard-constraint-mode', 'surface_slots_all', '--ground-penetration-margin', '0.0', '--ground-penetration-hard-slack-cost', '1000.0', '--ground-penetration-threshold', '0.05', '--ground-penetration-max-points', '128', '--robot-self-penetration-margin', '-0.001', '--robot-self-penetration-hard-slack', '--robot-self-penetration-hard-slack-cost', '1000.0', '--step-limit-mode', 'l2', '--max-dq', '0.15', '--global-step-size', '0.4', '--root-step-limit-mode', 'off', '--root-max-translation-dq', '0.3', '--root-max-rotation-dq', '0.5', '--root-global-translation-step-size', '0.3', '--root-global-rotation-step-size', '0.5', '--trajectory-filter-mode', 'lqr', '--trajectory-filter-data-cost', '1.0', '--trajectory-filter-velocity-cost', '0.0', '--trajectory-filter-acceleration-cost', '0.1', '--trajectory-filter-jerk-cost', '0.01', '--trajectory-filter-root-translation', '--trajectory-filter-anchor-start-frames', '1', '--trajectory-filter-anchor-end-frames', '1', '--trajectory-warm-start-mode', 'sequential', '--trajectory-warm-start-bidirectional-continuity-cost', '0.1', '--trajectory-warm-start-bidirectional-switch-cost', '0.01', '--slots', '/media/yu/FAFF-E9771/YuanQi_Q1/data/experiments/q1_umr_20261009_E008/correspondence_training/correspondence_slots_final.npz', '--out', '/media/yu/FAFF-E9771/YuanQi_Q1/data/experiments/q1_umr_20261009_E008/q1_retarget.npz', '--slots-field', 'reconstructed_slots']' returned non-zero exit status 1.
