[HumanoidRetarget] body_segment_module=retarget_body_segment_surface schema=smplx_55_to_19_upper_arm_v1 segments=19
[HumanoidRetarget] source=/media/yu/FAFF-E9771/data/project_snapshots/HUMAN_PLUS_A3/2026-08-09/datasets/amass_sources format=smplx_npz seq=G3_-_front_kick_stageii frames=32 fps=30.000
[SMPLXModel] loading format=pkl path=/media/yu/FAFF-E9771/data/humanplus-phuma/assets/body_models/smplx/SMPLX_NEUTRAL.pkl
[SurfaceRetarget][SMPLX] device=cuda:0 batch_size=32 frames=32
[SMPLXModel] loading format=pkl path=/media/yu/FAFF-E9771/data/humanplus-phuma/assets/body_models/smplx/SMPLX_NEUTRAL.pkl
[SurfaceRetarget][SMPLXCache] build gender=neutral batch_size=32 device=cuda:0
[HumanoidRetarget] inferred robot_height=0.89502 from slots sample=q1_pilot field=target_points mode=y_extent
[HumanoidRetarget] source slots=smplx_neutral_betas_219144f0c2 center_mode=spine1 template_center=[-0.0001399980392307043, -0.29292452335357666, -0.019224606454372406]
[HumanoidRetarget] bound SMPL slots: slots=256, error_mean=0.00316, p95=0.00741
[HumanoidRetarget] smplx_55_to_19_upper_arm_v1 upper-arm split ratio={'leftArm': {'target': 'leftUpperArm', 'ratio_start': 0.0, 'ratio_end': 0.3}, 'rightArm': {'target': 'rightUpperArm', 'ratio_start': 0.0, 'ratio_end': 0.3}}; leftUpperArm=4, leftArm=7, rightUpperArm=3, rightArm=6
[HumanoidRetarget] SMPLX_55_TO_17_FACE slot part labels from smplx_55_to_19_upper_arm_v1: {'rightHand': 5, 'rightUpLeg': 17, 'leftArm': 7, 'head': 18, 'leftLeg': 18, 'leftFoot': 7, 'torso': 57, 'rightFoot': 8, 'rightArm': 6, 'leftHand': 5, 'rightLeg': 20, 'leftForeArm': 9, 'rightForeArm': 8, 'leftUpLeg': 22, 'hips': 35, 'leftShoulder': 2, 'rightShoulder': 5, 'leftUpperArm': 4, 'rightUpperArm': 3}; map=embedded_55_to_17_map; segm=/media/yu/FAFF-E9771/YuanQi_Q1/data/third_party/umr_q1_20261009/assets/smplx_parts_segm.pkl
[HumanoidRetarget] human_height=1.85618 robot_height=0.89502 smpl_scale=0.482184 ground_z=0.00000 source_ground_align=none source_template=smplx_neutral_betas_219144f0c2
[SurfaceRetarget][GroundContactMap] slots=256, frames=32, min=0.0000, p5=0.0620, p50=0.5043, max=0.8386, snap<0.0050m=130/8192
[HumanoidRetarget] SMPLX smplx_55_to_19_upper_arm_v1 body segment slots: rightHand=5, rightUpLeg=17, leftArm=7, head=18, leftLeg=18, leftFoot=7, torso=57, rightFoot=8, rightArm=6, leftHand=5, rightLeg=20, leftForeArm=9, rightForeArm=8, leftUpLeg=22, hips=35, leftShoulder=2, rightShoulder=5, leftUpperArm=4, rightUpperArm=3
[HumanoidRetarget] selected segment slots: total=248, rightHand=5/15, rightUpLeg=17/25, leftArm=7/15, head=18/20, leftLeg=18/20, leftFoot=7/30, torso=50/50, rightFoot=8/30, rightArm=6/15, leftHand=5/15, rightLeg=20/20, leftForeArm=8/8, rightForeArm=8/8, leftUpLeg=22/25, hips=35/40, leftShoulder=2/30, rightShoulder=5/30, leftUpperArm=4/30, rightUpperArm=3/30
[HumanoidRetarget][GroundPenetration] hard_constraint=true mode=surface_slots_all margin=0.0000 slack=False slack_cost=1000.0000 threshold=0.0500 max_points=128 candidate_slots=256
[HumanoidRetarget][GroundContactMap] active selected slots under threshold=0.1000: min=11, mean=17.38, max=23, active_frames=32/32, selected_slots=248, max_points=128
[HumanoidRetarget][GroundContactAnchor] snapped-to-zero selected slots: min=0, mean=4.06, max=7, active_frames=31/32, cost=5.0000
[HumanoidRetarget][SurfacePoint] segment costs rightHand=10.0000, rightUpLeg=10.0000, leftArm=10.0000, head=1.0000, leftLeg=10.0000, leftFoot=10.0000, torso=20.0000, rightFoot=10.0000, rightArm=10.0000, leftHand=10.0000, rightLeg=10.0000, leftForeArm=10.0000, rightForeArm=10.0000, leftUpLeg=10.0000, hips=20.0000, leftShoulder=0.0000, rightShoulder=0.0000, leftUpperArm=0.0000, rightUpperArm=0.0000; active_slots=242/256
[HumanoidRetarget][SurfaceNormal] segment costs rightHand=1.0000, rightUpLeg=5.0000, leftArm=5.0000, head=1.0000, leftLeg=5.0000, leftFoot=1.0000, torso=5.0000, rightFoot=1.0000, rightArm=5.0000, leftHand=1.0000, rightLeg=5.0000, leftForeArm=5.0000, rightForeArm=5.0000, leftUpLeg=5.0000, hips=0.0000, leftShoulder=0.5000, rightShoulder=0.5000, leftUpperArm=0.1000, rightUpperArm=0.1000; active_slots=221/256
[HumanoidRetarget][SelfContactMap] selected_slots=248, candidate_pairs=22080, threshold=0.1000, active_pairs min=229, mean=254.53, max=256, max_pairs=256
[HumanoidRetarget][SelfContactMap] mode=source_clearance_body_pair_topk, selected_slots=248, candidate_pairs=22080, body_pairs=151, active_pairs min=151, mean=151.00, max=151, body_topk={"default": 1}, default_body_topk=1, rank_weight_range=[1.0000, 0.1000]
[HumanoidRetarget][SelfContactMap] merged modes=['threshold_global_topk', 'source_clearance_body_pair_topk'] pairs min=0, mean=387.59, max=391
[HumanoidRetarget][JointLimit] configured=22 matched_same_name=22 scalar_joints=22
[HumanoidRetarget][StepLimit] dof_max_dq_box configured=0 matched_same_name=0
[HumanoidRetarget] robot slot bind pose=tpose qpos_joints=22 source_model=smplx
[HumanoidRetarget] bound robot slots: slots=256, visual_geoms=24, point_cloud_center=body:torso_link
[HumanoidRetarget][SurfaceNormal] reference-pose normal offset magnitude: mean=0.93731, p95=1.96926, max=1.99835
[HumanoidRetarget] scalar_joints=22 robot_xml=/media/yu/FAFF-E9771/YuanQi_Q1/data/references/q1/models/332a629e51fa/q1_v3/xml/q1_retarget.floating_mjcf.xml
[HumanoidRetarget] retarget forward:   0%|          | 0/32 [00:00<?, ?it/s][HumanoidRetarget] retarget forward:  25%|██▌       | 8/32 [00:00<00:00, 77.53it/s][HumanoidRetarget] retarget forward:  94%|█████████▍| 30/32 [00:00<00:00, 156.76it/s][HumanoidRetarget] retarget forward: 100%|██████████| 32/32 [00:00<00:00, 147.74it/s]
[HumanoidRetarget][TrajectoryFilter] mode=lqr data=1 vel=0 acc=0.1 jerk=0.01 root_translation=True anchor_start=1 anchor_end=1 step_p95 0.135161->0.129491 accel_p95 0.0874826->0.0741607 jerk_p95 0.110161->0.0717993
[HumanoidRetarget] saved /media/yu/FAFF-E9771/YuanQi_Q1/data/experiments/q1_umr_20261009_E008/q1_retarget.npz qpos=(32, 29) cost mean=0.130633 max=0.171913
[HumanoidPipeline] retarget motion seq_key='G3_-_front_kick_stageii' seq_index=0 frames=0:-1:4 max_frames=32 stream_chunk_frames=0
[HumanoidPipeline] /home/yu/miniconda3/envs/x2-sonic-isaaclab/bin/python /media/yu/FAFF-E9771/YuanQi_Q1/data/third_party/umr_q1_20261009/scripts/retarget_smpl_to_humanoid_surface_vector.py --config /media/yu/FAFF-E9771/YuanQi_Q1/data/experiments/q1_umr_20261009_E008/q1_pilot_config.json --data /media/yu/FAFF-E9771/data/project_snapshots/HUMAN_PLUS_A3/2026-08-09/datasets/amass_sources --seq-index 0 --start 0 --end -1 --stride 4 --max-frames 32 --seq-key G3_-_front_kick_stageii --ground-contact-anchor-cost 5.0 --ground-penetration-hard-constraint --ground-penetration-hard-constraint-mode surface_slots_all --ground-penetration-margin 0.0 --ground-penetration-hard-slack-cost 1000.0 --ground-penetration-threshold 0.05 --ground-penetration-max-points 128 --robot-self-penetration-margin -0.001 --robot-self-penetration-hard-slack --robot-self-penetration-hard-slack-cost 1000.0 --step-limit-mode l2 --max-dq 0.15 --global-step-size 0.4 --root-step-limit-mode off --root-max-translation-dq 0.3 --root-max-rotation-dq 0.5 --root-global-translation-step-size 0.3 --root-global-rotation-step-size 0.5 --trajectory-filter-mode lqr --trajectory-filter-data-cost 1.0 --trajectory-filter-velocity-cost 0.0 --trajectory-filter-acceleration-cost 0.1 --trajectory-filter-jerk-cost 0.01 --trajectory-filter-root-translation --trajectory-filter-anchor-start-frames 1 --trajectory-filter-anchor-end-frames 1 --trajectory-warm-start-mode sequential --trajectory-warm-start-bidirectional-continuity-cost 0.1 --trajectory-warm-start-bidirectional-switch-cost 0.01 --slots /media/yu/FAFF-E9771/YuanQi_Q1/data/experiments/q1_umr_20261009_E008/correspondence_training/correspondence_slots_final.npz --out /media/yu/FAFF-E9771/YuanQi_Q1/data/experiments/q1_umr_20261009_E008/q1_retarget.npz --slots-field reconstructed_slots
