test_basis_preserves_handedness_and_turns_smpl_up_into_robot_up (test_egolocate_input.RecordedBodyTests.test_basis_preserves_handedness_and_turns_smpl_up_into_robot_up) ... ok
test_irregular_timestamp_slerp_does_not_extrapolate_or_bridge_long_gaps (test_egolocate_input.RecordedBodyTests.test_irregular_timestamp_slerp_does_not_extrapolate_or_bridge_long_gaps) ... ok
test_nonfinite_and_wrong_smpl_schema_are_rejected (test_egolocate_input.RecordedBodyTests.test_nonfinite_and_wrong_smpl_schema_are_rejected) ... ok
test_parent_rotation_is_composed_before_child (test_egolocate_input.RecordedBodyTests.test_parent_rotation_is_composed_before_child) ... ok
test_small_matrix_error_is_recorded_and_reflection_or_large_error_rejected (test_egolocate_input.RecordedBodyTests.test_small_matrix_error_is_recorded_and_reflection_or_large_error_rejected) ... ok
test_test_only_flags_survive_export (test_egolocate_input.RecordedBodyTests.test_test_only_flags_survive_export) ... ok
test_invalid_units_axes_quaternions_and_times_are_rejected (test_q1_retarget.BodyContractTests.test_invalid_units_axes_quaternions_and_times_are_rejected) ... ok
test_serialization_requires_no_pickle_and_preserves_calibration (test_q1_retarget.BodyContractTests.test_serialization_requires_no_pickle_and_preserves_calibration) ... ok
test_calibration_heading_aligns_source_world_to_robot (test_q1_retarget.RetargetContractTests.test_calibration_heading_aligns_source_world_to_robot) ... ok
test_calibration_neutral_is_fixed_point (test_q1_retarget.RetargetContractTests.test_calibration_neutral_is_fixed_point) ... ok
test_displacement_scale_preserves_neutral_limbs (test_q1_retarget.RetargetContractTests.test_displacement_scale_preserves_neutral_limbs) ... ok
test_global_translation_and_yaw_do_not_turn_into_joint_motion (test_q1_retarget.RetargetContractTests.test_global_translation_and_yaw_do_not_turn_into_joint_motion) ... ok
test_heading_extraction_handles_vertical_forward_axis (test_q1_retarget.RetargetContractTests.test_heading_extraction_handles_vertical_forward_axis) ... ok
test_large_pose_jump_is_velocity_limited_across_all_iterations (test_q1_retarget.RetargetContractTests.test_large_pose_jump_is_velocity_limited_across_all_iterations) ... ok
test_scale_and_reference_timing_must_be_explicit (test_q1_retarget.RetargetContractTests.test_scale_and_reference_timing_must_be_explicit) ... ok
test_tilted_calibration_preserves_world_vertical_translation (test_q1_retarget.RetargetContractTests.test_tilted_calibration_preserves_world_vertical_translation) ... ok
test_every_motor_and_sensor_maps_to_named_joint (test_q1_sim.ControlContractTests.test_every_motor_and_sensor_maps_to_named_joint) ... ok
test_invalid_targets_do_not_advance_or_change_controls (test_q1_sim.ControlContractTests.test_invalid_targets_do_not_advance_or_change_controls) ... ok
test_projected_gravity_and_world_quaternion (test_q1_sim.ControlContractTests.test_projected_gravity_and_world_quaternion) ... ok
test_source_has_free_base_and_support_is_explicit (test_q1_sim.ControlContractTests.test_source_has_free_base_and_support_is_explicit) ... ok
test_timing_and_reset (test_q1_sim.ControlContractTests.test_timing_and_reset) ... ok
test_torque_and_action_limits (test_q1_sim.ControlContractTests.test_torque_and_action_limits) ... ok
test_ambiguous_names_and_times_are_rejected (test_q1_sim.ReferenceTests.test_ambiguous_names_and_times_are_rejected) ... ok
test_bad_shapes_nonfinite_and_sampling_times_are_rejected (test_q1_sim.ReferenceTests.test_bad_shapes_nonfinite_and_sampling_times_are_rejected) ... ok
test_shuffled_columns_are_reordered_by_name (test_q1_sim.ReferenceTests.test_shuffled_columns_are_reordered_by_name) ... ok

----------------------------------------------------------------------
Ran 25 tests in 1.604s

OK
